ترسيات جديدة من الموقع: الموقع مش بيرد على السحابة (HTTP Error 403: Forbidden) - هيجي من الكمبيوتر
الترسيات من آخر سنة: 265
من الكمبيوتر: 3704
الجهاز المركزي: الموقع مش بيرد على السحابة (HTTP Error 403: Forbidden) - هيجي من الكمبيوتر
الرعاية السكنية: صفحة 2
الرعاية السكنية: صفحة 3
الرعاية السكنية: صفحة 4
الرعاية السكنية: صفحة 5
الرعاية السكنية: صفحة 6
الرعاية السكنية: صفحة 7
الرعاية السكنية: صفحة 8
الرعاية السكنية: صفحة 9
الرعاية السكنية: صفحة 10
الرعاية السكنية: خلص في 24 ثانية
السعودية - اعتماد: التجارة (مطروحة) 144 من 337
السعودية - اعتماد: المقاولات (مطروحة) 96 من 96
السعودية - اعتماد: المقاولات (مترسية) 72 من 21433
السعودية - اعتماد: التشغيل والصيانة والنظافة للمنشآت (مطروحة) 144 من 159
السعودية - اعتماد: التشغيل والصيانة والنظافة للمنشآت (مترسية) 24 من 15791
منصة اعتماد: خلص في 58 ثانية
الإمارات - دبي eSupply: 228
دبي eSupply: خلص في 2 ثانية
الأخبار (الكويت): مناقصة الكويت
الأخبار (الكويت): طرح مناقصة الكويت
الأخبار (الكويت): ترسية مناقصة الكويت
الأخبار (الكويت): الجهاز المركزي للمناقصات العامة
الأخبار (الكويت): مشروع الكويت مليون دينار
الأخبار (الكويت): مشاريع كبرى الكويت
الأخبار (الكويت): خطة التنمية الكويت مشروع
الأخبار (الكويت): وزارة الأشغال العامة مشروع
الأخبار (الكويت): الرعاية السكنية مشروع مناقصة
الأخبار (الكويت): وزارة الكهرباء والماء مناقصة
الأخبار (الكويت): بلدية الكويت مشروع
الأخبار (الكويت): الهيئة العامة للطرق مشروع
الأخبار (الكويت): نفط الكويت عقد مشروع
الأخبار (الكويت): البترول الوطنية مناقصة
الأخبار (الكويت): الكويتية للصناعات البترولية المتكاملة مشروع
الأخبار (الكويت): الشراكة بين القطاعين العام والخاص الكويت مشروع
الأخبار (الكويت): ميناء مبارك الكبير
الأخبار (الكويت): مدينة جنوب سعد العبدالله
الأخبار (الكويت): مدينة المطلاع السكنية مشروع
الأخبار (الكويت): صيانة وتشغيل مناقصة الكويت
الأخبار (الكويت): Kuwait tender awarded
الأخبار (الكويت): Kuwait project contract
الأخبار (السعودية): منافسة حكومية السعودية
الأخبار (السعودية): ترسية مشروع السعودية
الأخبار (السعودية): عقد تشغيل وصيانة السعودية
الأخبار (السعودية): مشاريع السعودية مليار ريال
الأخبار (السعودية): طرح منافسة وزارة
الأخبار (السعودية): وزارة البلديات والإسكان مشروع
الأخبار (السعودية): أرامكو عقد مشروع
الأخبار (السعودية): نيوم عقد مشروع
الأخبار (السعودية): الهيئة الملكية للجبيل وينبع مشروع
الأخبار (السعودية): الشركة السعودية للكهرباء عقد
الأخبار (السعودية): المياه الوطنية مشروع عقد
الأخبار (السعودية): تشغيل وصيانة مستشفيات السعودية عقد
الأخبار (السعودية): إدارة المرافق السعودية عقد
الأخبار (السعودية): مدن الصناعية مشروع عقد
الأخبار (السعودية): Saudi Arabia contract awarded
الأخبار (السعودية): Saudi facility management contract
الأخبار (السعودية): Saudi project tender
الأخبار (الإمارات): مناقصة الإمارات
الأخبار (الإمارات): مشروع دبي عقد
الأخبار (الإمارات): أبوظبي مشروع عقد
الأخبار (الإمارات): هيئة كهرباء ومياه دبي مشروع
الأخبار (الإمارات): بلدية دبي مشروع
الأخبار (الإمارات): هيئة الطرق والمواصلات دبي عقد
الأخبار (الإمارات): الشارقة مشروع عقد
الأخبار (الإمارات): UAE tender
الأخبار (الإمارات): Dubai contract awarded
الأخبار (الإمارات): Abu Dhabi project contract awarded
الأخبار (الإمارات): UAE facility management contract
الأخبار (فواز و KJAC): "فواز للتجارة والخدمات الهندسية"
الأخبار (فواز و KJAC): "شركة فواز للتجارة"
الأخبار (فواز و KJAC): "فواز للتبريد"
الأخبار (فواز و KJAC): "شركة فواز" مناقصة
الأخبار (فواز و KJAC): "الكويتية اليابانية للتكييف"
الأخبار (فواز و KJAC): "الكويتية اليابانية" تكييف
الأخبار (فواز و KJAC): "Fawaz Trading" Kuwait
الأخبار (فواز و KJAC): "Fawaz Refrigeration"
الأخبار (فواز و KJAC): "KJAC" Kuwait
الأخبار (فواز و KJAC): "Kuwait Japan Air Conditioning"
التحديث خلص: {"الكويت - ترسيات جديدة من الموقع": "اتعدّى: HTTP Error 403: Forbidden", "الكويت - الترسيات": 265, "الكويت - من الكمبيوتر": 3704, "الكويت - الجهاز المركزي": "اتعدّى: HTTP Error 403: Forbidden", "الكويت - الرعاية السكنية": 118, "السعودية - منصة اعتماد": 480, "الإمارات - دبي eSupply": 228, "أخبار جديدة": 3, "جديد": 0, "اتغيّر": 0}
[2026-10-03 21:07] التحديث خلص: {"الكويت - ترسيات جديدة من الموقع": "اتعدّى: HTTP Error 403: Forbidden", "الكويت - الترسيات": 265, "الكويت - من الكمبيوتر": 3704, "الكويت - الجهاز المركزي": "اتعدّى: HTTP Error 403: Forbidden", "الكويت - الرعاية السكنية": 118, "السعودية - منصة اعتماد": 480, "الإمارات - دبي eSupply": 228, "أخبار جديدة": 3, "جديد": 0, "اتغيّر": 0}
{
 "updated": "2026-10-03T21:07",
 "items": 3623,
 "news": 2465,
 "awards": 10040,
 "version": "dev",
 "by": "cloud",
 "pc_updated": "2026-10-03T20:23",
 "sources": {
  "الكويت - ترسيات جديدة من الموقع": "اتعدّى: HTTP Error 403: Forbidden",
  "الكويت - الترسيات": 265,
  "الكويت - من الكمبيوتر": 3704,
  "الكويت - الجهاز المركزي": "اتعدّى: HTTP Error 403: Forbidden",
  "الكويت - الرعاية السكنية": 118,
  "السعودية - منصة اعتماد": 480,
  "الإمارات - دبي eSupply": 228,
  "أخبار جديدة": 3,
  "جديد": 0,
  "اتغيّر": 0
 },
 "seconds": 131,
 "accounts": 2
}
